Archive member included to satisfy reference by file (symbol)

d:/intelfpga_lite/19.1/nios2eds/bin/gnu/h-x86_64-mingw32/bin/../lib/gcc/nios2-elf/8.3.1/mno-hw-mul\libgcc.a(lib2-divmod.o)
                              obj/default/hello_world_small.o (__divsi3)
C:/Users/victo/Desktop/pruebaQuartus/software/hello_world_bsp\libhal_bsp.a(alt_irq_register.o)
                              obj/default/hello_world_small.o (alt_irq_register)
C:/Users/victo/Desktop/pruebaQuartus/software/hello_world_bsp\libhal_bsp.a(alt_irq_vars.o)
                              C:/Users/victo/Desktop/pruebaQuartus/software/hello_world_bsp\libhal_bsp.a(alt_irq_register.o) (alt_irq_active)
C:/Users/victo/Desktop/pruebaQuartus/software/hello_world_bsp\libhal_bsp.a(alt_load.o)
                              C:/Users/victo/Desktop/pruebaQuartus/software/hello_world_bsp/obj/HAL/src/crt0.o (alt_load)
C:/Users/victo/Desktop/pruebaQuartus/software/hello_world_bsp\libhal_bsp.a(alt_main.o)
                              C:/Users/victo/Desktop/pruebaQuartus/software/hello_world_bsp/obj/HAL/src/crt0.o (alt_main)
C:/Users/victo/Desktop/pruebaQuartus/software/hello_world_bsp\libhal_bsp.a(alt_sys_init.o)
                              C:/Users/victo/Desktop/pruebaQuartus/software/hello_world_bsp\libhal_bsp.a(alt_main.o) (alt_irq_init)
C:/Users/victo/Desktop/pruebaQuartus/software/hello_world_bsp\libhal_bsp.a(alt_dcache_flush_all.o)
                              C:/Users/victo/Desktop/pruebaQuartus/software/hello_world_bsp\libhal_bsp.a(alt_load.o) (alt_dcache_flush_all)
C:/Users/victo/Desktop/pruebaQuartus/software/hello_world_bsp\libhal_bsp.a(alt_icache_flush_all.o)
                              C:/Users/victo/Desktop/pruebaQuartus/software/hello_world_bsp\libhal_bsp.a(alt_load.o) (alt_icache_flush_all)
C:/Users/victo/Desktop/pruebaQuartus/software/hello_world_bsp\libhal_bsp.a(alt_irq_entry.o)
                              C:/Users/victo/Desktop/pruebaQuartus/software/hello_world_bsp\libhal_bsp.a(alt_irq_register.o) (alt_irq_entry)
C:/Users/victo/Desktop/pruebaQuartus/software/hello_world_bsp\libhal_bsp.a(alt_irq_handler.o)
                              C:/Users/victo/Desktop/pruebaQuartus/software/hello_world_bsp\libhal_bsp.a(alt_irq_register.o) (alt_irq_handler)
C:/Users/victo/Desktop/pruebaQuartus/software/hello_world_bsp\libhal_bsp.a(altera_nios2_gen2_irq.o)
                              C:/Users/victo/Desktop/pruebaQuartus/software/hello_world_bsp\libhal_bsp.a(alt_sys_init.o) (altera_nios2_gen2_irq_init)
C:/Users/victo/Desktop/pruebaQuartus/software/hello_world_bsp\libhal_bsp.a(alt_exception_entry.o)
                              C:/Users/victo/Desktop/pruebaQuartus/software/hello_world_bsp\libhal_bsp.a(alt_irq_entry.o) (alt_exception)
C:/Users/victo/Desktop/pruebaQuartus/software/hello_world_bsp\libhal_bsp.a(alt_instruction_exception_entry.o)
                              C:/Users/victo/Desktop/pruebaQuartus/software/hello_world_bsp\libhal_bsp.a(alt_exception_entry.o) (alt_instruction_exception_entry)

Allocating common symbols
Common symbol       size              file

alt_irq             0x100             C:/Users/victo/Desktop/pruebaQuartus/software/hello_world_bsp\libhal_bsp.a(alt_irq_handler.o)

Memory Configuration

Name             Origin             Length             Attributes
reset            0x0000000000001000 0x0000000000000020
RAM              0x0000000000001020 0x0000000000000fe0
*default*        0x0000000000000000 0xffffffffffffffff

Linker script and memory map

LOAD C:/Users/victo/Desktop/pruebaQuartus/software/hello_world_bsp/obj/HAL/src/crt0.o
LOAD obj/default/hello_world_small.o
LOAD d:/intelfpga_lite/19.1/nios2eds/bin/gnu/h-x86_64-mingw32/bin/../lib/gcc/nios2-elf/8.3.1/../../../../../H-x86_64-mingw32/nios2-elf/lib/mno-hw-mul\libstdc++.a
LOAD d:/intelfpga_lite/19.1/nios2eds/bin/gnu/h-x86_64-mingw32/bin/../lib/gcc/nios2-elf/8.3.1/../../../../../H-x86_64-mingw32/nios2-elf/lib/mno-hw-mul\libm.a
LOAD d:/intelfpga_lite/19.1/nios2eds/bin/gnu/h-x86_64-mingw32/bin/../lib/gcc/nios2-elf/8.3.1/mno-hw-mul\libgcc.a
START GROUP
LOAD d:/intelfpga_lite/19.1/nios2eds/bin/gnu/h-x86_64-mingw32/bin/../lib/gcc/nios2-elf/8.3.1/../../../../../H-x86_64-mingw32/nios2-elf/lib/mno-hw-mul\libsmallc.a
LOAD d:/intelfpga_lite/19.1/nios2eds/bin/gnu/h-x86_64-mingw32/bin/../lib/gcc/nios2-elf/8.3.1/mno-hw-mul\libgcc.a
LOAD C:/Users/victo/Desktop/pruebaQuartus/software/hello_world_bsp\libhal_bsp.a
LOAD d:/intelfpga_lite/19.1/nios2eds/bin/gnu/h-x86_64-mingw32/bin/../lib/gcc/nios2-elf/8.3.1/../../../../../H-x86_64-mingw32/nios2-elf/lib/mno-hw-mul\libm.a
END GROUP
LOAD d:/intelfpga_lite/19.1/nios2eds/bin/gnu/h-x86_64-mingw32/bin/../lib/gcc/nios2-elf/8.3.1/mno-hw-mul\libgcc.a
                0x0000000000001000                __alt_mem_RAM = 0x1000

.entry          0x0000000000001000       0x20
 *(.entry)
 .entry         0x0000000000001000       0x20 C:/Users/victo/Desktop/pruebaQuartus/software/hello_world_bsp/obj/HAL/src/crt0.o
                0x0000000000001000                __reset
                0x000000000000100c                _exit

.exceptions     0x0000000000001020      0x160
                0x0000000000001020                PROVIDE (__ram_exceptions_start = ABSOLUTE (.))
                0x0000000000001020                . = ALIGN (0x20)
 *(.irq)
 *(.exceptions.entry.label)
 .exceptions.entry.label
                0x0000000000001020        0x0 C:/Users/victo/Desktop/pruebaQuartus/software/hello_world_bsp\libhal_bsp.a(alt_irq_entry.o)
                0x0000000000001020                alt_irq_entry
 .exceptions.entry.label
                0x0000000000001020        0x0 C:/Users/victo/Desktop/pruebaQuartus/software/hello_world_bsp\libhal_bsp.a(alt_exception_entry.o)
                0x0000000000001020                alt_exception
 *(.exceptions.entry.user)
 *(.exceptions.entry.ecc_fatal)
 *(.exceptions.entry)
 .exceptions.entry
                0x0000000000001020       0x54 C:/Users/victo/Desktop/pruebaQuartus/software/hello_world_bsp\libhal_bsp.a(alt_exception_entry.o)
 *(.exceptions.irqtest.user)
 *(.exceptions.irqtest)
 .exceptions.irqtest
                0x0000000000001074       0x10 C:/Users/victo/Desktop/pruebaQuartus/software/hello_world_bsp\libhal_bsp.a(alt_irq_entry.o)
 *(.exceptions.irqhandler.user)
 *(.exceptions.irqhandler)
 .exceptions.irqhandler
                0x0000000000001084        0x4 C:/Users/victo/Desktop/pruebaQuartus/software/hello_world_bsp\libhal_bsp.a(alt_irq_entry.o)
 *(.exceptions.irqreturn.user)
 *(.exceptions.irqreturn)
 .exceptions.irqreturn
                0x0000000000001088        0x4 C:/Users/victo/Desktop/pruebaQuartus/software/hello_world_bsp\libhal_bsp.a(alt_irq_entry.o)
 *(.exceptions.notirq.label)
 .exceptions.notirq.label
                0x000000000000108c        0x0 C:/Users/victo/Desktop/pruebaQuartus/software/hello_world_bsp\libhal_bsp.a(alt_irq_entry.o)
 *(.exceptions.notirq.user)
 *(.exceptions.notirq)
 .exceptions.notirq
                0x000000000000108c        0x8 C:/Users/victo/Desktop/pruebaQuartus/software/hello_world_bsp\libhal_bsp.a(alt_exception_entry.o)
 *(.exceptions.soft.user)
 *(.exceptions.soft)
 *(.exceptions.unknown.user)
 *(.exceptions.unknown)
 .exceptions.unknown
                0x0000000000001094       0x14 C:/Users/victo/Desktop/pruebaQuartus/software/hello_world_bsp\libhal_bsp.a(alt_exception_entry.o)
 *(.exceptions.exit.label)
 .exceptions.exit.label
                0x00000000000010a8        0x0 C:/Users/victo/Desktop/pruebaQuartus/software/hello_world_bsp\libhal_bsp.a(alt_irq_entry.o)
 .exceptions.exit.label
                0x00000000000010a8        0x0 C:/Users/victo/Desktop/pruebaQuartus/software/hello_world_bsp\libhal_bsp.a(alt_exception_entry.o)
 *(.exceptions.exit.user)
 *(.exceptions.exit)
 .exceptions.exit
                0x00000000000010a8       0x54 C:/Users/victo/Desktop/pruebaQuartus/software/hello_world_bsp\libhal_bsp.a(alt_exception_entry.o)
 *(.exceptions)
 .exceptions    0x00000000000010fc       0x60 C:/Users/victo/Desktop/pruebaQuartus/software/hello_world_bsp\libhal_bsp.a(alt_irq_handler.o)
                0x00000000000010fc                alt_irq_handler
 .exceptions    0x000000000000115c       0x24 C:/Users/victo/Desktop/pruebaQuartus/software/hello_world_bsp\libhal_bsp.a(alt_instruction_exception_entry.o)
                0x000000000000115c                alt_instruction_exception_entry
                0x0000000000001180                PROVIDE (__ram_exceptions_end = ABSOLUTE (.))
                0x0000000000001020                PROVIDE (__flash_exceptions_start = LOADADDR (.exceptions))

.text           0x0000000000001180      0xec0
                [!provide]                        PROVIDE (stext = ABSOLUTE (.))
 *(.interp)
 *(.hash)
 *(.dynsym)
 *(.dynstr)
 *(.gnu.version)
 *(.gnu.version_d)
 *(.gnu.version_r)
 *(.rel.init)
 *(.rela.init)
 *(.rel.text .rel.text.* .rel.gnu.linkonce.t.*)
 *(.rela.text .rela.text.* .rela.gnu.linkonce.t.*)
 *(.rel.fini)
 *(.rela.fini)
 *(.rel.rodata .rel.rodata.* .rel.gnu.linkonce.r.*)
 *(.rela.rodata .rela.rodata.* .rela.gnu.linkonce.r.*)
 *(.rel.data .rel.data.* .rel.gnu.linkonce.d.*)
 *(.rela.data .rela.data.* .rela.gnu.linkonce.d.*)
 *(.rel.tdata .rel.tdata.* .rel.gnu.linkonce.td.*)
 *(.rela.tdata .rela.tdata.* .rela.gnu.linkonce.td.*)
 *(.rel.tbss .rel.tbss.* .rel.gnu.linkonce.tb.*)
 *(.rela.tbss .rela.tbss.* .rela.gnu.linkonce.tb.*)
 *(.rel.ctors)
 *(.rela.ctors)
 *(.rel.dtors)
 *(.rela.dtors)
 *(.rel.got)
 *(.rela.got)
 *(.rel.sdata .rel.sdata.* .rel.gnu.linkonce.s.*)
 *(.rela.sdata .rela.sdata.* .rela.gnu.linkonce.s.*)
 *(.rel.sbss .rel.sbss.* .rel.gnu.linkonce.sb.*)
 *(.rela.sbss .rela.sbss.* .rela.gnu.linkonce.sb.*)
 *(.rel.sdata2 .rel.sdata2.* .rel.gnu.linkonce.s2.*)
 *(.rela.sdata2 .rela.sdata2.* .rela.gnu.linkonce.s2.*)
 *(.rel.sbss2 .rel.sbss2.* .rel.gnu.linkonce.sb2.*)
 *(.rela.sbss2 .rela.sbss2.* .rela.gnu.linkonce.sb2.*)
 *(.rel.bss .rel.bss.* .rel.gnu.linkonce.b.*)
 *(.rela.bss .rela.bss.* .rela.gnu.linkonce.b.*)
 *(.rel.plt)
 *(.rela.plt)
 *(.rel.dyn)
 *(.init)
 *(.plt)
 *(.text .stub .text.* .gnu.linkonce.t.*)
 .text          0x0000000000001180       0x3c C:/Users/victo/Desktop/pruebaQuartus/software/hello_world_bsp/obj/HAL/src/crt0.o
                0x0000000000001180                _start
 .text          0x00000000000011bc      0x948 obj/default/hello_world_small.o
                0x00000000000011d4                SDECO
                0x0000000000001500                ADECO
                0x000000000000182c                DECO
 .text.startup  0x0000000000001b04      0x1b8 obj/default/hello_world_small.o
                0x0000000000001b04                main
 .text          0x0000000000001cbc      0x1b8 d:/intelfpga_lite/19.1/nios2eds/bin/gnu/h-x86_64-mingw32/bin/../lib/gcc/nios2-elf/8.3.1/mno-hw-mul\libgcc.a(lib2-divmod.o)
                0x0000000000001cbc                __divsi3
                0x0000000000001d3c                __modsi3
                0x0000000000001db4                __udivsi3
                0x0000000000001e18                __umodsi3
 .text          0x0000000000001e74       0x90 C:/Users/victo/Desktop/pruebaQuartus/software/hello_world_bsp\libhal_bsp.a(alt_irq_register.o)
                0x0000000000001e74                alt_irq_register
 .text          0x0000000000001f04        0x0 C:/Users/victo/Desktop/pruebaQuartus/software/hello_world_bsp\libhal_bsp.a(alt_irq_vars.o)
 .text          0x0000000000001f04       0xb4 C:/Users/victo/Desktop/pruebaQuartus/software/hello_world_bsp\libhal_bsp.a(alt_load.o)
                0x0000000000001f04                alt_load
 .text          0x0000000000001fb8       0x2c C:/Users/victo/Desktop/pruebaQuartus/software/hello_world_bsp\libhal_bsp.a(alt_main.o)
                0x0000000000001fb8                alt_main
 .text          0x0000000000001fe4       0x24 C:/Users/victo/Desktop/pruebaQuartus/software/hello_world_bsp\libhal_bsp.a(alt_sys_init.o)
                0x0000000000001fe4                alt_irq_init
                0x0000000000002004                alt_sys_init
 .text          0x0000000000002008        0x4 C:/Users/victo/Desktop/pruebaQuartus/software/hello_world_bsp\libhal_bsp.a(alt_dcache_flush_all.o)
                0x0000000000002008                alt_dcache_flush_all
 .text          0x000000000000200c        0x4 C:/Users/victo/Desktop/pruebaQuartus/software/hello_world_bsp\libhal_bsp.a(alt_icache_flush_all.o)
                0x000000000000200c                alt_icache_flush_all
 .text          0x0000000000002010        0x0 C:/Users/victo/Desktop/pruebaQuartus/software/hello_world_bsp\libhal_bsp.a(alt_irq_entry.o)
 .text          0x0000000000002010        0x0 C:/Users/victo/Desktop/pruebaQuartus/software/hello_world_bsp\libhal_bsp.a(alt_irq_handler.o)
 .text          0x0000000000002010        0x8 C:/Users/victo/Desktop/pruebaQuartus/software/hello_world_bsp\libhal_bsp.a(altera_nios2_gen2_irq.o)
                0x0000000000002010                altera_nios2_gen2_irq_init
 .text          0x0000000000002018        0x0 C:/Users/victo/Desktop/pruebaQuartus/software/hello_world_bsp\libhal_bsp.a(alt_exception_entry.o)
 .text          0x0000000000002018       0x28 C:/Users/victo/Desktop/pruebaQuartus/software/hello_world_bsp\libhal_bsp.a(alt_instruction_exception_entry.o)
                0x0000000000002018                alt_exception_cause_generated_bad_addr
 *(.gnu.warning.*)
 *(.fini)
                [!provide]                        PROVIDE (__etext = ABSOLUTE (.))
                [!provide]                        PROVIDE (_etext = ABSOLUTE (.))
                [!provide]                        PROVIDE (etext = ABSOLUTE (.))
 *(.eh_frame_hdr)
                0x0000000000002040                . = ALIGN (0x4)
                [!provide]                        PROVIDE (__preinit_array_start = ABSOLUTE (.))
 *(.preinit_array)
                [!provide]                        PROVIDE (__preinit_array_end = ABSOLUTE (.))
                [!provide]                        PROVIDE (__init_array_start = ABSOLUTE (.))
 *(.init_array)
                [!provide]                        PROVIDE (__init_array_end = ABSOLUTE (.))
                [!provide]                        PROVIDE (__fini_array_start = ABSOLUTE (.))
 *(.fini_array)
                [!provide]                        PROVIDE (__fini_array_end = ABSOLUTE (.))
 *(.eh_frame)
 *(.gcc_except_table .gcc_except_table.*)
 *(.dynamic)
                [!provide]                        PROVIDE (__CTOR_LIST__ = ABSOLUTE (.))
 *(.ctors)
 *(SORT_BY_NAME(.ctors.*))
                [!provide]                        PROVIDE (__CTOR_END__ = ABSOLUTE (.))
                [!provide]                        PROVIDE (__DTOR_LIST__ = ABSOLUTE (.))
 *(.dtors)
 *(SORT_BY_NAME(.dtors.*))
                [!provide]                        PROVIDE (__DTOR_END__ = ABSOLUTE (.))
 *(.jcr)
                0x0000000000002040                . = ALIGN (0x4)

.rodata         0x0000000000002040        0x0
                0x0000000000002040                PROVIDE (__ram_rodata_start = ABSOLUTE (.))
                0x0000000000002040                . = ALIGN (0x4)
 *(.rodata .rodata.* .gnu.linkonce.r.*)
 *(.rodata1)
                0x0000000000002040                . = ALIGN (0x4)
                0x0000000000002040                PROVIDE (__ram_rodata_end = ABSOLUTE (.))
                0x0000000000002040                PROVIDE (__flash_rodata_start = LOADADDR (.rodata))

.rwdata         0x0000000000002040       0x34 load address 0x0000000000002074
                0x0000000000002040                PROVIDE (__ram_rwdata_start = ABSOLUTE (.))
                0x0000000000002040                . = ALIGN (0x4)
 *(.got.plt)
 *(.got)
 *(.data1)
 *(.data .data.* .gnu.linkonce.d.*)
 .data          0x0000000000002040        0x0 C:/Users/victo/Desktop/pruebaQuartus/software/hello_world_bsp/obj/HAL/src/crt0.o
 .data          0x0000000000002040        0x0 obj/default/hello_world_small.o
 .data          0x0000000000002040        0x0 d:/intelfpga_lite/19.1/nios2eds/bin/gnu/h-x86_64-mingw32/bin/../lib/gcc/nios2-elf/8.3.1/mno-hw-mul\libgcc.a(lib2-divmod.o)
 .data          0x0000000000002040        0x0 C:/Users/victo/Desktop/pruebaQuartus/software/hello_world_bsp\libhal_bsp.a(alt_irq_register.o)
 .data          0x0000000000002040        0x0 C:/Users/victo/Desktop/pruebaQuartus/software/hello_world_bsp\libhal_bsp.a(alt_irq_vars.o)
 .data          0x0000000000002040        0x0 C:/Users/victo/Desktop/pruebaQuartus/software/hello_world_bsp\libhal_bsp.a(alt_load.o)
 .data          0x0000000000002040        0x0 C:/Users/victo/Desktop/pruebaQuartus/software/hello_world_bsp\libhal_bsp.a(alt_main.o)
 .data          0x0000000000002040        0x0 C:/Users/victo/Desktop/pruebaQuartus/software/hello_world_bsp\libhal_bsp.a(alt_sys_init.o)
 .data          0x0000000000002040        0x0 C:/Users/victo/Desktop/pruebaQuartus/software/hello_world_bsp\libhal_bsp.a(alt_dcache_flush_all.o)
 .data          0x0000000000002040        0x0 C:/Users/victo/Desktop/pruebaQuartus/software/hello_world_bsp\libhal_bsp.a(alt_icache_flush_all.o)
 .data          0x0000000000002040        0x0 C:/Users/victo/Desktop/pruebaQuartus/software/hello_world_bsp\libhal_bsp.a(alt_irq_entry.o)
 .data          0x0000000000002040        0x0 C:/Users/victo/Desktop/pruebaQuartus/software/hello_world_bsp\libhal_bsp.a(alt_irq_handler.o)
 .data          0x0000000000002040        0x0 C:/Users/victo/Desktop/pruebaQuartus/software/hello_world_bsp\libhal_bsp.a(altera_nios2_gen2_irq.o)
 .data          0x0000000000002040        0x0 C:/Users/victo/Desktop/pruebaQuartus/software/hello_world_bsp\libhal_bsp.a(alt_exception_entry.o)
 .data          0x0000000000002040        0x0 C:/Users/victo/Desktop/pruebaQuartus/software/hello_world_bsp\libhal_bsp.a(alt_instruction_exception_entry.o)
                0x000000000000a040                _gp = ABSOLUTE ((. + 0x8000))
                [!provide]                        PROVIDE (gp = _gp)
 *(.rwdata .rwdata.*)
 *(.sdata .sdata.* .gnu.linkonce.s.*)
 .sdata         0x0000000000002040       0x2c obj/default/hello_world_small.o
                0x0000000000002040                BUTTON
                0x0000000000002044                LEDS
                0x0000000000002048                SWITCHES
                0x000000000000204c                SSEG3
                0x0000000000002050                SSEG2
                0x0000000000002054                SSEG1
                0x0000000000002058                SSEG0
                0x000000000000205c                TC
                0x0000000000002060                PL
                0x0000000000002064                PH
                0x0000000000002068                TIMER
 .sdata         0x000000000000206c        0x4 C:/Users/victo/Desktop/pruebaQuartus/software/hello_world_bsp\libhal_bsp.a(alt_irq_vars.o)
                0x000000000000206c                alt_priority_mask
 .sdata         0x0000000000002070        0x4 C:/Users/victo/Desktop/pruebaQuartus/software/hello_world_bsp\libhal_bsp.a(alt_sys_init.o)
                0x0000000000002070                JTAG
 *(.sdata2 .sdata2.* .gnu.linkonce.s2.*)
                0x0000000000002074                . = ALIGN (0x4)
                0x0000000000002074                _edata = ABSOLUTE (.)
                [!provide]                        PROVIDE (edata = ABSOLUTE (.))
                0x0000000000002074                PROVIDE (__ram_rwdata_end = ABSOLUTE (.))
                0x0000000000002074                PROVIDE (__flash_rwdata_start = LOADADDR (.rwdata))

.bss            0x00000000000020a8      0x158
                0x00000000000020a8                __bss_start = ABSOLUTE (.)
                [!provide]                        PROVIDE (__sbss_start = ABSOLUTE (.))
                [!provide]                        PROVIDE (___sbss_start = ABSOLUTE (.))
 *(.dynsbss)
 *(.sbss .sbss.* .gnu.linkonce.sb.*)
 .sbss          0x00000000000020a8       0x44 obj/default/hello_world_small.o
                0x00000000000020a8                alarma
                0x00000000000020ac                nahoras2
                0x00000000000020b0                nahoras
                0x00000000000020b4                naminutos2
                0x00000000000020b8                naminutos
                0x00000000000020bc                ahoras2
                0x00000000000020c0                ahoras
                0x00000000000020c4                aminutos2
                0x00000000000020c8                aminutos
                0x00000000000020cc                shoras2
                0x00000000000020d0                shoras
                0x00000000000020d4                sminutos2
                0x00000000000020d8                sminutos
                0x00000000000020dc                horas2
                0x00000000000020e0                horas
                0x00000000000020e4                minutos2
                0x00000000000020e8                minutos
 .sbss          0x00000000000020ec        0x4 C:/Users/victo/Desktop/pruebaQuartus/software/hello_world_bsp\libhal_bsp.a(alt_irq_vars.o)
                0x00000000000020ec                alt_irq_active
 .sbss          0x00000000000020f0        0xc C:/Users/victo/Desktop/pruebaQuartus/software/hello_world_bsp\libhal_bsp.a(alt_main.o)
                0x00000000000020f0                alt_envp
                0x00000000000020f4                alt_argv
                0x00000000000020f8                alt_argc
 .sbss          0x00000000000020fc        0x4 C:/Users/victo/Desktop/pruebaQuartus/software/hello_world_bsp\libhal_bsp.a(alt_instruction_exception_entry.o)
                0x00000000000020fc                alt_instruction_exception_handler
 *(.sbss2 .sbss2.* .gnu.linkonce.sb2.*)
 *(.scommon)
                [!provide]                        PROVIDE (__sbss_end = ABSOLUTE (.))
                [!provide]                        PROVIDE (___sbss_end = ABSOLUTE (.))
 *(.dynbss)
 *(.bss .bss.* .gnu.linkonce.b.*)
 .bss           0x0000000000002100        0x0 C:/Users/victo/Desktop/pruebaQuartus/software/hello_world_bsp/obj/HAL/src/crt0.o
 .bss           0x0000000000002100        0x0 obj/default/hello_world_small.o
 .bss           0x0000000000002100        0x0 d:/intelfpga_lite/19.1/nios2eds/bin/gnu/h-x86_64-mingw32/bin/../lib/gcc/nios2-elf/8.3.1/mno-hw-mul\libgcc.a(lib2-divmod.o)
 .bss           0x0000000000002100        0x0 C:/Users/victo/Desktop/pruebaQuartus/software/hello_world_bsp\libhal_bsp.a(alt_irq_register.o)
 .bss           0x0000000000002100        0x0 C:/Users/victo/Desktop/pruebaQuartus/software/hello_world_bsp\libhal_bsp.a(alt_irq_vars.o)
 .bss           0x0000000000002100        0x0 C:/Users/victo/Desktop/pruebaQuartus/software/hello_world_bsp\libhal_bsp.a(alt_load.o)
 .bss           0x0000000000002100        0x0 C:/Users/victo/Desktop/pruebaQuartus/software/hello_world_bsp\libhal_bsp.a(alt_main.o)
 .bss           0x0000000000002100        0x0 C:/Users/victo/Desktop/pruebaQuartus/software/hello_world_bsp\libhal_bsp.a(alt_sys_init.o)
 .bss           0x0000000000002100        0x0 C:/Users/victo/Desktop/pruebaQuartus/software/hello_world_bsp\libhal_bsp.a(alt_dcache_flush_all.o)
 .bss           0x0000000000002100        0x0 C:/Users/victo/Desktop/pruebaQuartus/software/hello_world_bsp\libhal_bsp.a(alt_icache_flush_all.o)
 .bss           0x0000000000002100        0x0 C:/Users/victo/Desktop/pruebaQuartus/software/hello_world_bsp\libhal_bsp.a(alt_irq_entry.o)
 .bss           0x0000000000002100        0x0 C:/Users/victo/Desktop/pruebaQuartus/software/hello_world_bsp\libhal_bsp.a(alt_irq_handler.o)
 .bss           0x0000000000002100        0x0 C:/Users/victo/Desktop/pruebaQuartus/software/hello_world_bsp\libhal_bsp.a(altera_nios2_gen2_irq.o)
 .bss           0x0000000000002100        0x0 C:/Users/victo/Desktop/pruebaQuartus/software/hello_world_bsp\libhal_bsp.a(alt_exception_entry.o)
 .bss           0x0000000000002100        0x0 C:/Users/victo/Desktop/pruebaQuartus/software/hello_world_bsp\libhal_bsp.a(alt_instruction_exception_entry.o)
 *(COMMON)
 COMMON         0x0000000000002100      0x100 C:/Users/victo/Desktop/pruebaQuartus/software/hello_world_bsp\libhal_bsp.a(alt_irq_handler.o)
                0x0000000000002100                alt_irq
                0x0000000000002200                . = ALIGN (0x4)
                0x0000000000002200                __bss_end = ABSOLUTE (.)

.RAM            0x0000000000002200        0x0
                [!provide]                        PROVIDE (_alt_partition_RAM_start = ABSOLUTE (.))
 *(.RAM .RAM. RAM.*)
                0x0000000000002200                . = ALIGN (0x4)
                [!provide]                        PROVIDE (_alt_partition_RAM_end = ABSOLUTE (.))
                0x0000000000002200                _end = ABSOLUTE (.)
                0x0000000000002200                end = ABSOLUTE (.)
                0x0000000000002200                __alt_stack_base = ABSOLUTE (.)
                [!provide]                        PROVIDE (_alt_partition_RAM_load_addr = LOADADDR (.RAM))

.stab
 *(.stab)

.stabstr
 *(.stabstr)

.stab.excl
 *(.stab.excl)

.stab.exclstr
 *(.stab.exclstr)

.stab.index
 *(.stab.index)

.stab.indexstr
 *(.stab.indexstr)

.comment        0x0000000000000000       0x2c
 *(.comment)
 .comment       0x0000000000000000       0x2c obj/default/hello_world_small.o
                                         0x2d (size before relaxing)
 .comment       0x000000000000002c       0x2d d:/intelfpga_lite/19.1/nios2eds/bin/gnu/h-x86_64-mingw32/bin/../lib/gcc/nios2-elf/8.3.1/mno-hw-mul\libgcc.a(lib2-divmod.o)
 .comment       0x000000000000002c       0x2d C:/Users/victo/Desktop/pruebaQuartus/software/hello_world_bsp\libhal_bsp.a(alt_irq_register.o)
 .comment       0x000000000000002c       0x2d C:/Users/victo/Desktop/pruebaQuartus/software/hello_world_bsp\libhal_bsp.a(alt_irq_vars.o)
 .comment       0x000000000000002c       0x2d C:/Users/victo/Desktop/pruebaQuartus/software/hello_world_bsp\libhal_bsp.a(alt_load.o)
 .comment       0x000000000000002c       0x2d C:/Users/victo/Desktop/pruebaQuartus/software/hello_world_bsp\libhal_bsp.a(alt_main.o)
 .comment       0x000000000000002c       0x2d C:/Users/victo/Desktop/pruebaQuartus/software/hello_world_bsp\libhal_bsp.a(alt_sys_init.o)
 .comment       0x000000000000002c       0x2d C:/Users/victo/Desktop/pruebaQuartus/software/hello_world_bsp\libhal_bsp.a(alt_dcache_flush_all.o)
 .comment       0x000000000000002c       0x2d C:/Users/victo/Desktop/pruebaQuartus/software/hello_world_bsp\libhal_bsp.a(alt_icache_flush_all.o)
 .comment       0x000000000000002c       0x2d C:/Users/victo/Desktop/pruebaQuartus/software/hello_world_bsp\libhal_bsp.a(alt_irq_handler.o)
 .comment       0x000000000000002c       0x2d C:/Users/victo/Desktop/pruebaQuartus/software/hello_world_bsp\libhal_bsp.a(altera_nios2_gen2_irq.o)
 .comment       0x000000000000002c       0x2d C:/Users/victo/Desktop/pruebaQuartus/software/hello_world_bsp\libhal_bsp.a(alt_instruction_exception_entry.o)

.debug
 *(.debug)

.line
 *(.line)

.debug_srcinfo
 *(.debug_srcinfo)

.debug_sfnames
 *(.debug_sfnames)

.debug_aranges  0x0000000000000000      0x218
 *(.debug_aranges)
 .debug_aranges
                0x0000000000000000       0x28 C:/Users/victo/Desktop/pruebaQuartus/software/hello_world_bsp/obj/HAL/src/crt0.o
 .debug_aranges
                0x0000000000000028       0x28 obj/default/hello_world_small.o
 .debug_aranges
                0x0000000000000050       0x20 d:/intelfpga_lite/19.1/nios2eds/bin/gnu/h-x86_64-mingw32/bin/../lib/gcc/nios2-elf/8.3.1/mno-hw-mul\libgcc.a(lib2-divmod.o)
 .debug_aranges
                0x0000000000000070       0x20 C:/Users/victo/Desktop/pruebaQuartus/software/hello_world_bsp\libhal_bsp.a(alt_irq_register.o)
 .debug_aranges
                0x0000000000000090       0x18 C:/Users/victo/Desktop/pruebaQuartus/software/hello_world_bsp\libhal_bsp.a(alt_irq_vars.o)
 .debug_aranges
                0x00000000000000a8       0x20 C:/Users/victo/Desktop/pruebaQuartus/software/hello_world_bsp\libhal_bsp.a(alt_load.o)
 .debug_aranges
                0x00000000000000c8       0x20 C:/Users/victo/Desktop/pruebaQuartus/software/hello_world_bsp\libhal_bsp.a(alt_main.o)
 .debug_aranges
                0x00000000000000e8       0x20 C:/Users/victo/Desktop/pruebaQuartus/software/hello_world_bsp\libhal_bsp.a(alt_sys_init.o)
 .debug_aranges
                0x0000000000000108       0x20 C:/Users/victo/Desktop/pruebaQuartus/software/hello_world_bsp\libhal_bsp.a(alt_dcache_flush_all.o)
 .debug_aranges
                0x0000000000000128       0x20 C:/Users/victo/Desktop/pruebaQuartus/software/hello_world_bsp\libhal_bsp.a(alt_icache_flush_all.o)
 .debug_aranges
                0x0000000000000148       0x30 C:/Users/victo/Desktop/pruebaQuartus/software/hello_world_bsp\libhal_bsp.a(alt_irq_entry.o)
 .debug_aranges
                0x0000000000000178       0x20 C:/Users/victo/Desktop/pruebaQuartus/software/hello_world_bsp\libhal_bsp.a(alt_irq_handler.o)
 .debug_aranges
                0x0000000000000198       0x20 C:/Users/victo/Desktop/pruebaQuartus/software/hello_world_bsp\libhal_bsp.a(altera_nios2_gen2_irq.o)
 .debug_aranges
                0x00000000000001b8       0x38 C:/Users/victo/Desktop/pruebaQuartus/software/hello_world_bsp\libhal_bsp.a(alt_exception_entry.o)
 .debug_aranges
                0x00000000000001f0       0x28 C:/Users/victo/Desktop/pruebaQuartus/software/hello_world_bsp\libhal_bsp.a(alt_instruction_exception_entry.o)

.debug_pubnames
 *(.debug_pubnames)

.debug_info     0x0000000000000000     0x68b9
 *(.debug_info .gnu.linkonce.wi.*)
 .debug_info    0x0000000000000000       0x22 C:/Users/victo/Desktop/pruebaQuartus/software/hello_world_bsp/obj/HAL/src/crt0.o
 .debug_info    0x0000000000000022      0xc20 obj/default/hello_world_small.o
 .debug_info    0x0000000000000c42      0x368 d:/intelfpga_lite/19.1/nios2eds/bin/gnu/h-x86_64-mingw32/bin/../lib/gcc/nios2-elf/8.3.1/mno-hw-mul\libgcc.a(lib2-divmod.o)
 .debug_info    0x0000000000000faa      0xc20 C:/Users/victo/Desktop/pruebaQuartus/software/hello_world_bsp\libhal_bsp.a(alt_irq_register.o)
 .debug_info    0x0000000000001bca       0x8b C:/Users/victo/Desktop/pruebaQuartus/software/hello_world_bsp\libhal_bsp.a(alt_irq_vars.o)
 .debug_info    0x0000000000001c55      0xaea C:/Users/victo/Desktop/pruebaQuartus/software/hello_world_bsp\libhal_bsp.a(alt_load.o)
 .debug_info    0x000000000000273f      0xeac C:/Users/victo/Desktop/pruebaQuartus/software/hello_world_bsp\libhal_bsp.a(alt_main.o)
 .debug_info    0x00000000000035eb      0xa5f C:/Users/victo/Desktop/pruebaQuartus/software/hello_world_bsp\libhal_bsp.a(alt_sys_init.o)
 .debug_info    0x000000000000404a      0x931 C:/Users/victo/Desktop/pruebaQuartus/software/hello_world_bsp\libhal_bsp.a(alt_dcache_flush_all.o)
 .debug_info    0x000000000000497b      0x931 C:/Users/victo/Desktop/pruebaQuartus/software/hello_world_bsp\libhal_bsp.a(alt_icache_flush_all.o)
 .debug_info    0x00000000000052ac       0x22 C:/Users/victo/Desktop/pruebaQuartus/software/hello_world_bsp\libhal_bsp.a(alt_irq_entry.o)
 .debug_info    0x00000000000052ce      0xa68 C:/Users/victo/Desktop/pruebaQuartus/software/hello_world_bsp\libhal_bsp.a(alt_irq_handler.o)
 .debug_info    0x0000000000005d36      0x952 C:/Users/victo/Desktop/pruebaQuartus/software/hello_world_bsp\libhal_bsp.a(altera_nios2_gen2_irq.o)
 .debug_info    0x0000000000006688       0x22 C:/Users/victo/Desktop/pruebaQuartus/software/hello_world_bsp\libhal_bsp.a(alt_exception_entry.o)
 .debug_info    0x00000000000066aa      0x20f C:/Users/victo/Desktop/pruebaQuartus/software/hello_world_bsp\libhal_bsp.a(alt_instruction_exception_entry.o)

.debug_abbrev   0x0000000000000000     0x17f1
 *(.debug_abbrev)
 .debug_abbrev  0x0000000000000000       0x12 C:/Users/victo/Desktop/pruebaQuartus/software/hello_world_bsp/obj/HAL/src/crt0.o
 .debug_abbrev  0x0000000000000012      0x2d1 obj/default/hello_world_small.o
 .debug_abbrev  0x00000000000002e3      0x103 d:/intelfpga_lite/19.1/nios2eds/bin/gnu/h-x86_64-mingw32/bin/../lib/gcc/nios2-elf/8.3.1/mno-hw-mul\libgcc.a(lib2-divmod.o)
 .debug_abbrev  0x00000000000003e6      0x31a C:/Users/victo/Desktop/pruebaQuartus/software/hello_world_bsp\libhal_bsp.a(alt_irq_register.o)
 .debug_abbrev  0x0000000000000700       0x44 C:/Users/victo/Desktop/pruebaQuartus/software/hello_world_bsp\libhal_bsp.a(alt_irq_vars.o)
 .debug_abbrev  0x0000000000000744      0x277 C:/Users/victo/Desktop/pruebaQuartus/software/hello_world_bsp\libhal_bsp.a(alt_load.o)
 .debug_abbrev  0x00000000000009bb      0x252 C:/Users/victo/Desktop/pruebaQuartus/software/hello_world_bsp\libhal_bsp.a(alt_main.o)
 .debug_abbrev  0x0000000000000c0d      0x279 C:/Users/victo/Desktop/pruebaQuartus/software/hello_world_bsp\libhal_bsp.a(alt_sys_init.o)
 .debug_abbrev  0x0000000000000e86      0x1e0 C:/Users/victo/Desktop/pruebaQuartus/software/hello_world_bsp\libhal_bsp.a(alt_dcache_flush_all.o)
 .debug_abbrev  0x0000000000001066      0x1e0 C:/Users/victo/Desktop/pruebaQuartus/software/hello_world_bsp\libhal_bsp.a(alt_icache_flush_all.o)
 .debug_abbrev  0x0000000000001246       0x12 C:/Users/victo/Desktop/pruebaQuartus/software/hello_world_bsp\libhal_bsp.a(alt_irq_entry.o)
 .debug_abbrev  0x0000000000001258      0x28c C:/Users/victo/Desktop/pruebaQuartus/software/hello_world_bsp\libhal_bsp.a(alt_irq_handler.o)
 .debug_abbrev  0x00000000000014e4      0x1e5 C:/Users/victo/Desktop/pruebaQuartus/software/hello_world_bsp\libhal_bsp.a(altera_nios2_gen2_irq.o)
 .debug_abbrev  0x00000000000016c9       0x12 C:/Users/victo/Desktop/pruebaQuartus/software/hello_world_bsp\libhal_bsp.a(alt_exception_entry.o)
 .debug_abbrev  0x00000000000016db      0x116 C:/Users/victo/Desktop/pruebaQuartus/software/hello_world_bsp\libhal_bsp.a(alt_instruction_exception_entry.o)

.debug_line     0x0000000000000000     0x1d31
 *(.debug_line)
 .debug_line    0x0000000000000000       0x66 C:/Users/victo/Desktop/pruebaQuartus/software/hello_world_bsp/obj/HAL/src/crt0.o
 .debug_line    0x0000000000000066      0x796 obj/default/hello_world_small.o
 .debug_line    0x00000000000007fc      0x307 d:/intelfpga_lite/19.1/nios2eds/bin/gnu/h-x86_64-mingw32/bin/../lib/gcc/nios2-elf/8.3.1/mno-hw-mul\libgcc.a(lib2-divmod.o)
 .debug_line    0x0000000000000b03      0x276 C:/Users/victo/Desktop/pruebaQuartus/software/hello_world_bsp\libhal_bsp.a(alt_irq_register.o)
 .debug_line    0x0000000000000d79       0x50 C:/Users/victo/Desktop/pruebaQuartus/software/hello_world_bsp\libhal_bsp.a(alt_irq_vars.o)
 .debug_line    0x0000000000000dc9      0x255 C:/Users/victo/Desktop/pruebaQuartus/software/hello_world_bsp\libhal_bsp.a(alt_load.o)
 .debug_line    0x000000000000101e      0x2f7 C:/Users/victo/Desktop/pruebaQuartus/software/hello_world_bsp\libhal_bsp.a(alt_main.o)
 .debug_line    0x0000000000001315      0x1f2 C:/Users/victo/Desktop/pruebaQuartus/software/hello_world_bsp\libhal_bsp.a(alt_sys_init.o)
 .debug_line    0x0000000000001507      0x17f C:/Users/victo/Desktop/pruebaQuartus/software/hello_world_bsp\libhal_bsp.a(alt_dcache_flush_all.o)
 .debug_line    0x0000000000001686      0x17d C:/Users/victo/Desktop/pruebaQuartus/software/hello_world_bsp\libhal_bsp.a(alt_icache_flush_all.o)
 .debug_line    0x0000000000001803       0x6b C:/Users/victo/Desktop/pruebaQuartus/software/hello_world_bsp\libhal_bsp.a(alt_irq_entry.o)
 .debug_line    0x000000000000186e      0x1f4 C:/Users/victo/Desktop/pruebaQuartus/software/hello_world_bsp\libhal_bsp.a(alt_irq_handler.o)
 .debug_line    0x0000000000001a62      0x139 C:/Users/victo/Desktop/pruebaQuartus/software/hello_world_bsp\libhal_bsp.a(altera_nios2_gen2_irq.o)
 .debug_line    0x0000000000001b9b       0xb3 C:/Users/victo/Desktop/pruebaQuartus/software/hello_world_bsp\libhal_bsp.a(alt_exception_entry.o)
 .debug_line    0x0000000000001c4e       0xe3 C:/Users/victo/Desktop/pruebaQuartus/software/hello_world_bsp\libhal_bsp.a(alt_instruction_exception_entry.o)

.debug_frame    0x0000000000000000      0x238
 *(.debug_frame)
 .debug_frame   0x0000000000000000       0x6c obj/default/hello_world_small.o
 .debug_frame   0x000000000000006c       0x50 d:/intelfpga_lite/19.1/nios2eds/bin/gnu/h-x86_64-mingw32/bin/../lib/gcc/nios2-elf/8.3.1/mno-hw-mul\libgcc.a(lib2-divmod.o)
 .debug_frame   0x00000000000000bc       0x20 C:/Users/victo/Desktop/pruebaQuartus/software/hello_world_bsp\libhal_bsp.a(alt_irq_register.o)
 .debug_frame   0x00000000000000dc       0x30 C:/Users/victo/Desktop/pruebaQuartus/software/hello_world_bsp\libhal_bsp.a(alt_load.o)
 .debug_frame   0x000000000000010c       0x2c C:/Users/victo/Desktop/pruebaQuartus/software/hello_world_bsp\libhal_bsp.a(alt_main.o)
 .debug_frame   0x0000000000000138       0x3c C:/Users/victo/Desktop/pruebaQuartus/software/hello_world_bsp\libhal_bsp.a(alt_sys_init.o)
 .debug_frame   0x0000000000000174       0x20 C:/Users/victo/Desktop/pruebaQuartus/software/hello_world_bsp\libhal_bsp.a(alt_dcache_flush_all.o)
 .debug_frame   0x0000000000000194       0x20 C:/Users/victo/Desktop/pruebaQuartus/software/hello_world_bsp\libhal_bsp.a(alt_icache_flush_all.o)
 .debug_frame   0x00000000000001b4       0x34 C:/Users/victo/Desktop/pruebaQuartus/software/hello_world_bsp\libhal_bsp.a(alt_irq_handler.o)
 .debug_frame   0x00000000000001e8       0x20 C:/Users/victo/Desktop/pruebaQuartus/software/hello_world_bsp\libhal_bsp.a(altera_nios2_gen2_irq.o)
 .debug_frame   0x0000000000000208       0x30 C:/Users/victo/Desktop/pruebaQuartus/software/hello_world_bsp\libhal_bsp.a(alt_instruction_exception_entry.o)

.debug_str      0x0000000000000000     0x11a1
 *(.debug_str)
 .debug_str     0x0000000000000000       0x5c C:/Users/victo/Desktop/pruebaQuartus/software/hello_world_bsp/obj/HAL/src/crt0.o
 .debug_str     0x000000000000005c      0x55e obj/default/hello_world_small.o
                                        0x627 (size before relaxing)
 .debug_str     0x00000000000005ba      0x192 d:/intelfpga_lite/19.1/nios2eds/bin/gnu/h-x86_64-mingw32/bin/../lib/gcc/nios2-elf/8.3.1/mno-hw-mul\libgcc.a(lib2-divmod.o)
                                        0x1dd (size before relaxing)
 .debug_str     0x000000000000074c       0xb4 C:/Users/victo/Desktop/pruebaQuartus/software/hello_world_bsp\libhal_bsp.a(alt_irq_register.o)
                                        0x5f0 (size before relaxing)
 .debug_str     0x0000000000000800       0x29 C:/Users/victo/Desktop/pruebaQuartus/software/hello_world_bsp\libhal_bsp.a(alt_irq_vars.o)
                                        0x147 (size before relaxing)
 .debug_str     0x0000000000000829      0x11d C:/Users/victo/Desktop/pruebaQuartus/software/hello_world_bsp\libhal_bsp.a(alt_load.o)
                                        0x629 (size before relaxing)
 .debug_str     0x0000000000000946      0x24d C:/Users/victo/Desktop/pruebaQuartus/software/hello_world_bsp\libhal_bsp.a(alt_main.o)
                                        0x7e4 (size before relaxing)
 .debug_str     0x0000000000000b93       0xb5 C:/Users/victo/Desktop/pruebaQuartus/software/hello_world_bsp\libhal_bsp.a(alt_sys_init.o)
                                        0x61b (size before relaxing)
 .debug_str     0x0000000000000c48       0x1f C:/Users/victo/Desktop/pruebaQuartus/software/hello_world_bsp\libhal_bsp.a(alt_dcache_flush_all.o)
                                        0x542 (size before relaxing)
 .debug_str     0x0000000000000c67       0x1f C:/Users/victo/Desktop/pruebaQuartus/software/hello_world_bsp\libhal_bsp.a(alt_icache_flush_all.o)
                                        0x542 (size before relaxing)
 .debug_str     0x0000000000000c86       0x18 C:/Users/victo/Desktop/pruebaQuartus/software/hello_world_bsp\libhal_bsp.a(alt_irq_entry.o)
                                         0x65 (size before relaxing)
 .debug_str     0x0000000000000c9e       0x3a C:/Users/victo/Desktop/pruebaQuartus/software/hello_world_bsp\libhal_bsp.a(alt_irq_handler.o)
                                        0x591 (size before relaxing)
 .debug_str     0x0000000000000cd8       0x20 C:/Users/victo/Desktop/pruebaQuartus/software/hello_world_bsp\libhal_bsp.a(altera_nios2_gen2_irq.o)
                                        0x556 (size before relaxing)
 .debug_str     0x0000000000000cf8       0x1e C:/Users/victo/Desktop/pruebaQuartus/software/hello_world_bsp\libhal_bsp.a(alt_exception_entry.o)
                                         0x6b (size before relaxing)
 .debug_str     0x0000000000000d16      0x48b C:/Users/victo/Desktop/pruebaQuartus/software/hello_world_bsp\libhal_bsp.a(alt_instruction_exception_entry.o)
                                        0x5ad (size before relaxing)

.debug_loc      0x0000000000000000      0x8cf
 *(.debug_loc)
 .debug_loc     0x0000000000000000      0x5f7 d:/intelfpga_lite/19.1/nios2eds/bin/gnu/h-x86_64-mingw32/bin/../lib/gcc/nios2-elf/8.3.1/mno-hw-mul\libgcc.a(lib2-divmod.o)
 .debug_loc     0x00000000000005f7      0x13e C:/Users/victo/Desktop/pruebaQuartus/software/hello_world_bsp\libhal_bsp.a(alt_irq_register.o)
 .debug_loc     0x0000000000000735       0x66 C:/Users/victo/Desktop/pruebaQuartus/software/hello_world_bsp\libhal_bsp.a(alt_load.o)
 .debug_loc     0x000000000000079b       0x25 C:/Users/victo/Desktop/pruebaQuartus/software/hello_world_bsp\libhal_bsp.a(alt_sys_init.o)
 .debug_loc     0x00000000000007c0       0xac C:/Users/victo/Desktop/pruebaQuartus/software/hello_world_bsp\libhal_bsp.a(alt_irq_handler.o)
 .debug_loc     0x000000000000086c       0x63 C:/Users/victo/Desktop/pruebaQuartus/software/hello_world_bsp\libhal_bsp.a(alt_instruction_exception_entry.o)

.debug_macinfo
 *(.debug_macinfo)

.debug_weaknames
 *(.debug_weaknames)

.debug_funcnames
 *(.debug_funcnames)

.debug_typenames
 *(.debug_typenames)

.debug_varnames
 *(.debug_varnames)

.debug_alt_sim_info
                0x0000000000000000       0x10
 *(.debug_alt_sim_info)
 .debug_alt_sim_info
                0x0000000000000000       0x10 C:/Users/victo/Desktop/pruebaQuartus/software/hello_world_bsp/obj/HAL/src/crt0.o
                0x0000000000002000                __alt_data_end = 0x2000
                0x0000000000002000                PROVIDE (__alt_stack_pointer = __alt_data_end)
                [!provide]                        PROVIDE (__alt_stack_limit = __alt_stack_base)
                [!provide]                        PROVIDE (__alt_heap_start = end)
                [!provide]                        PROVIDE (__alt_heap_limit = 0x2000)
OUTPUT(hello_world.elf elf32-littlenios2)

.debug_ranges   0x0000000000000000      0x1f8
 .debug_ranges  0x0000000000000000       0x20 C:/Users/victo/Desktop/pruebaQuartus/software/hello_world_bsp/obj/HAL/src/crt0.o
 .debug_ranges  0x0000000000000020       0x18 obj/default/hello_world_small.o
 .debug_ranges  0x0000000000000038       0x70 d:/intelfpga_lite/19.1/nios2eds/bin/gnu/h-x86_64-mingw32/bin/../lib/gcc/nios2-elf/8.3.1/mno-hw-mul\libgcc.a(lib2-divmod.o)
 .debug_ranges  0x00000000000000a8       0x18 C:/Users/victo/Desktop/pruebaQuartus/software/hello_world_bsp\libhal_bsp.a(alt_irq_register.o)
 .debug_ranges  0x00000000000000c0       0xa0 C:/Users/victo/Desktop/pruebaQuartus/software/hello_world_bsp\libhal_bsp.a(alt_load.o)
 .debug_ranges  0x0000000000000160       0x28 C:/Users/victo/Desktop/pruebaQuartus/software/hello_world_bsp\libhal_bsp.a(alt_irq_entry.o)
 .debug_ranges  0x0000000000000188       0x28 C:/Users/victo/Desktop/pruebaQuartus/software/hello_world_bsp\libhal_bsp.a(alt_irq_handler.o)
 .debug_ranges  0x00000000000001b0       0x30 C:/Users/victo/Desktop/pruebaQuartus/software/hello_world_bsp\libhal_bsp.a(alt_exception_entry.o)
 .debug_ranges  0x00000000000001e0       0x18 C:/Users/victo/Desktop/pruebaQuartus/software/hello_world_bsp\libhal_bsp.a(alt_instruction_exception_entry.o)
